{
  "version": "1.5.0",
  "plugins_used": [
    {
      "name": "ArtifactoryDetector"
    },
    {
      "name": "AWSKeyDetector"
    },
    {
      "name": "AzureStorageKeyDetector"
    },
    {
      "name": "Base64HighEntropyString",
      "limit": 4.5
    },
    {
      "name": "BasicAuthDetector"
    },
    {
      "name": "CloudantDetector"
    },
    {
      "name": "DiscordBotTokenDetector"
    },
    {
      "name": "GitHubTokenDetector"
    },
    {
      "name": "GitLabTokenDetector"
    },
    {
      "name": "HexHighEntropyString",
      "limit": 3.0
    },
    {
      "name": "IbmCloudIamDetector"
    },
    {
      "name": "IbmCosHmacDetector"
    },
    {
      "name": "IPPublicDetector"
    },
    {
      "name": "JwtTokenDetector"
    },
    {
      "name": "KeywordDetector",
      "keyword_exclude": ""
    },
    {
      "name": "MailchimpDetector"
    },
    {
      "name": "NpmDetector"
    },
    {
      "name": "OpenAIDetector"
    },
    {
      "name": "PrivateKeyDetector"
    },
    {
      "name": "PypiTokenDetector"
    },
    {
      "name": "SendGridDetector"
    },
    {
      "name": "SlackDetector"
    },
    {
      "name": "SoftlayerDetector"
    },
    {
      "name": "SquareOAuthDetector"
    },
    {
      "name": "StripeDetector"
    },
    {
      "name": "TelegramBotTokenDetector"
    },
    {
      "name": "TwilioKeyDetector"
    }
  ],
  "filters_used": [
    {
      "path": "detect_secrets.filters.allowlist.is_line_allowlisted"
    },
    {
      "path": "detect_secrets.filters.common.is_ignored_due_to_verification_policies",
      "min_level": 2
    },
    {
      "path": "detect_secrets.filters.heuristic.is_indirect_reference"
    },
    {
      "path": "detect_secrets.filters.heuristic.is_likely_id_string"
    },
    {
      "path": "detect_secrets.filters.heuristic.is_lock_file"
    },
    {
      "path": "detect_secrets.filters.heuristic.is_not_alphanumeric_string"
    },
    {
      "path": "detect_secrets.filters.heuristic.is_potential_uuid"
    },
    {
      "path": "detect_secrets.filters.heuristic.is_prefixed_with_dollar_sign"
    },
    {
      "path": "detect_secrets.filters.heuristic.is_sequential_string"
    },
    {
      "path": "detect_secrets.filters.heuristic.is_swagger_file"
    },
    {
      "path": "detect_secrets.filters.heuristic.is_templated_secret"
    }
  ],
  "results": {
    ".pytest_cache/CACHEDIR.TAG": [
      {
        "type": "Hex High Entropy String",
        "filename": ".pytest_cache/CACHEDIR.TAG",
        "hashed_secret": "e8f8c345877b2411a59897798e422b15b0c16d76",
        "is_verified": false,
        "line_number": 1
      }
    ],
    ".venv/lib/python3.13/site-packages/coverage/html.py": [
      {
        "type": "Hex High Entropy String",
        "filename": ".venv/lib/python3.13/site-packages/coverage/html.py",
        "hashed_secret": "4b86530904392ce3fa14c80035377dc36e28c7c0",
        "is_verified": false,
        "line_number": 707
      },
      {
        "type": "Hex High Entropy String",
        "filename": ".venv/lib/python3.13/site-packages/coverage/html.py",
        "hashed_secret": "0d5224f673e042bbda276d0a5fbed0f4ed963823",
        "is_verified": false,
        "line_number": 712
      }
    ],
    ".venv/lib/python3.13/site-packages/cyclonedx/model/crypto.py": [
      {
        "type": "Secret Keyword",
        "filename": ".venv/lib/python3.13/site-packages/cyclonedx/model/crypto.py",
        "hashed_secret": "5baa61e4c9b93f3f0682250b6cf8331b7ee68fd8",
        "is_verified": false,
        "line_number": 724
      },
      {
        "type": "Secret Keyword",
        "filename": ".venv/lib/python3.13/site-packages/cyclonedx/model/crypto.py",
        "hashed_secret": "2c35baf5aa803a12df64c64b97df0445c46aeb03",
        "is_verified": false,
        "line_number": 725
      },
      {
        "type": "Secret Keyword",
        "filename": ".venv/lib/python3.13/site-packages/cyclonedx/model/crypto.py",
        "hashed_secret": "dff6d4ff5dc357cf451d1855ab9cbda562645c9f",
        "is_verified": false,
        "line_number": 728
      },
      {
        "type": "Secret Keyword",
        "filename": ".venv/lib/python3.13/site-packages/cyclonedx/model/crypto.py",
        "hashed_secret": "76ed0a056aa77060de25754586440cff390791d0",
        "is_verified": false,
        "line_number": 730
      }
    ],
    ".venv/lib/python3.13/site-packages/cyclonedx/schema/_res/bom-1.2-strict.SNAPSHOT.schema.json": [
      {
        "type": "Hex High Entropy String",
        "filename": ".venv/lib/python3.13/site-packages/cyclonedx/schema/_res/bom-1.2-strict.SNAPSHOT.schema.json",
        "hashed_secret": "56451e8d90dcdc84ffdb08c38a459a4f056dbbf8",
        "is_verified": false,
        "line_number": 559
      }
    ],
    ".venv/lib/python3.13/site-packages/cyclonedx/schema/_res/bom-1.2.SNAPSHOT.schema.json": [
      {
        "type": "Hex High Entropy String",
        "filename": ".venv/lib/python3.13/site-packages/cyclonedx/schema/_res/bom-1.2.SNAPSHOT.schema.json",
        "hashed_secret": "56451e8d90dcdc84ffdb08c38a459a4f056dbbf8",
        "is_verified": false,
        "line_number": 545
      }
    ],
    ".venv/lib/python3.13/site-packages/cyclonedx/schema/_res/bom-1.3-strict.SNAPSHOT.schema.json": [
      {
        "type": "Hex High Entropy String",
        "filename": ".venv/lib/python3.13/site-packages/cyclonedx/schema/_res/bom-1.3-strict.SNAPSHOT.schema.json",
        "hashed_secret": "56451e8d90dcdc84ffdb08c38a459a4f056dbbf8",
        "is_verified": false,
        "line_number": 549
      }
    ],
    ".venv/lib/python3.13/site-packages/cyclonedx/schema/_res/bom-1.3.SNAPSHOT.schema.json": [
      {
        "type": "Hex High Entropy String",
        "filename": ".venv/lib/python3.13/site-packages/cyclonedx/schema/_res/bom-1.3.SNAPSHOT.schema.json",
        "hashed_secret": "56451e8d90dcdc84ffdb08c38a459a4f056dbbf8",
        "is_verified": false,
        "line_number": 536
      }
    ],
    ".venv/lib/python3.13/site-packages/cyclonedx/schema/_res/bom-1.4.SNAPSHOT.schema.json": [
      {
        "type": "Hex High Entropy String",
        "filename": ".venv/lib/python3.13/site-packages/cyclonedx/schema/_res/bom-1.4.SNAPSHOT.schema.json",
        "hashed_secret": "56451e8d90dcdc84ffdb08c38a459a4f056dbbf8",
        "is_verified": false,
        "line_number": 593
      }
    ],
    ".venv/lib/python3.13/site-packages/cyclonedx/schema/_res/bom-1.5.SNAPSHOT.schema.json": [
      {
        "type": "Hex High Entropy String",
        "filename": ".venv/lib/python3.13/site-packages/cyclonedx/schema/_res/bom-1.5.SNAPSHOT.schema.json",
        "hashed_secret": "56451e8d90dcdc84ffdb08c38a459a4f056dbbf8",
        "is_verified": false,
        "line_number": 723
      }
    ],
    ".venv/lib/python3.13/site-packages/cyclonedx/schema/_res/bom-1.6.SNAPSHOT.schema.json": [
      {
        "type": "Hex High Entropy String",
        "filename": ".venv/lib/python3.13/site-packages/cyclonedx/schema/_res/bom-1.6.SNAPSHOT.schema.json",
        "hashed_secret": "56451e8d90dcdc84ffdb08c38a459a4f056dbbf8",
        "is_verified": false,
        "line_number": 1230
      },
      {
        "type": "Secret Keyword",
        "filename": ".venv/lib/python3.13/site-packages/cyclonedx/schema/_res/bom-1.6.SNAPSHOT.schema.json",
        "hashed_secret": "c43c91c1c22c4e45c3e27df13d0c77e84c571df5",
        "is_verified": false,
        "line_number": 5431
      },
      {
        "type": "Secret Keyword",
        "filename": ".venv/lib/python3.13/site-packages/cyclonedx/schema/_res/bom-1.6.SNAPSHOT.schema.json",
        "hashed_secret": "21be3c44c018d92cfccd6e2de029414e64cb57e4",
        "is_verified": false,
        "line_number": 5434
      }
    ],
    ".venv/lib/python3.13/site-packages/cyclonedx/schema/_res/bom-1.7.SNAPSHOT.schema.json": [
      {
        "type": "Hex High Entropy String",
        "filename": ".venv/lib/python3.13/site-packages/cyclonedx/schema/_res/bom-1.7.SNAPSHOT.schema.json",
        "hashed_secret": "56451e8d90dcdc84ffdb08c38a459a4f056dbbf8",
        "is_verified": false,
        "line_number": 1319
      },
      {
        "type": "Secret Keyword",
        "filename": ".venv/lib/python3.13/site-packages/cyclonedx/schema/_res/bom-1.7.SNAPSHOT.schema.json",
        "hashed_secret": "c43c91c1c22c4e45c3e27df13d0c77e84c571df5",
        "is_verified": false,
        "line_number": 5818
      },
      {
        "type": "Secret Keyword",
        "filename": ".venv/lib/python3.13/site-packages/cyclonedx/schema/_res/bom-1.7.SNAPSHOT.schema.json",
        "hashed_secret": "21be3c44c018d92cfccd6e2de029414e64cb57e4",
        "is_verified": false,
        "line_number": 5821
      }
    ],
    ".venv/lib/python3.13/site-packages/detect_secrets-1.5.0.dist-info/entry_points.txt": [
      {
        "type": "Secret Keyword",
        "filename": ".venv/lib/python3.13/site-packages/detect_secrets-1.5.0.dist-info/entry_points.txt",
        "hashed_secret": "a55cc495941ba0f382d3090386f5e07e63ef423d",
        "is_verified": false,
        "line_number": 2
      }
    ],
    ".venv/lib/python3.13/site-packages/detect_secrets/core/potential_secret.py": [
      {
        "type": "Secret Keyword",
        "filename": ".venv/lib/python3.13/site-packages/detect_secrets/core/potential_secret.py",
        "hashed_secret": "522bb49471c191584acd7dc2ceb42c03ca384a56",
        "is_verified": false,
        "line_number": 80
      }
    ],
    ".venv/lib/python3.13/site-packages/detect_secrets/main.py": [
      {
        "type": "Secret Keyword",
        "filename": ".venv/lib/python3.13/site-packages/detect_secrets/main.py",
        "hashed_secret": "97cdbdc7feff827efb082a6b6dd2727237cd49fd",
        "is_verified": false,
        "line_number": 96
      }
    ],
    ".venv/lib/python3.13/site-packages/detect_secrets/plugins/artifactory.py": [
      {
        "type": "Secret Keyword",
        "filename": ".venv/lib/python3.13/site-packages/detect_secrets/plugins/artifactory.py",
        "hashed_secret": "4825f8a411ba7cf9879a5f20331cab599299461a",
        "is_verified": false,
        "line_number": 8
      }
    ],
    ".venv/lib/python3.13/site-packages/detect_secrets/plugins/aws.py": [
      {
        "type": "Secret Keyword",
        "filename": ".venv/lib/python3.13/site-packages/detect_secrets/plugins/aws.py",
        "hashed_secret": "f2c45c60a2b1d2e8be265ff4b81faff4b90ac37d",
        "is_verified": false,
        "line_number": 23
      }
    ],
    ".venv/lib/python3.13/site-packages/detect_secrets/plugins/azure_storage_key.py": [
      {
        "type": "Secret Keyword",
        "filename": ".venv/lib/python3.13/site-packages/detect_secrets/plugins/azure_storage_key.py",
        "hashed_secret": "b80344e49f04ffacb0e65b37348bf05cf6435d28",
        "is_verified": false,
        "line_number": 11
      }
    ],
    ".venv/lib/python3.13/site-packages/detect_secrets/plugins/base.py": [
      {
        "type": "Secret Keyword",
        "filename": ".venv/lib/python3.13/site-packages/detect_secrets/plugins/base.py",
        "hashed_secret": "0beec7b5ea3f0fdbc95d0dd47f3c5bc275da8a33",
        "is_verified": false,
        "line_number": 156
      }
    ],
    ".venv/lib/python3.13/site-packages/detect_secrets/plugins/basic_auth.py": [
      {
        "type": "Secret Keyword",
        "filename": ".venv/lib/python3.13/site-packages/detect_secrets/plugins/basic_auth.py",
        "hashed_secret": "37b12e79df06e491c18cfe099eaf8aca6eae297c",
        "is_verified": false,
        "line_number": 17
      }
    ],
    ".venv/lib/python3.13/site-packages/detect_secrets/plugins/cloudant.py": [
      {
        "type": "Secret Keyword",
        "filename": ".venv/lib/python3.13/site-packages/detect_secrets/plugins/cloudant.py",
        "hashed_secret": "4010fd1234708a61d161d124b0cd8e0a79e9786a",
        "is_verified": false,
        "line_number": 14
      }
    ],
    ".venv/lib/python3.13/site-packages/detect_secrets/plugins/discord.py": [
      {
        "type": "Secret Keyword",
        "filename": ".venv/lib/python3.13/site-packages/detect_secrets/plugins/discord.py",
        "hashed_secret": "80e2bc3729001eef2f5b8e6bdf1632ed394aa8af",
        "is_verified": false,
        "line_number": 11
      }
    ],
    ".venv/lib/python3.13/site-packages/detect_secrets/plugins/github_token.py": [
      {
        "type": "Secret Keyword",
        "filename": ".venv/lib/python3.13/site-packages/detect_secrets/plugins/github_token.py",
        "hashed_secret": "677cedf7877737a2cb84fa055fb71200a93bd9ad",
        "is_verified": false,
        "line_number": 11
      }
    ],
    ".venv/lib/python3.13/site-packages/detect_secrets/plugins/gitlab_token.py": [
      {
        "type": "Secret Keyword",
        "filename": ".venv/lib/python3.13/site-packages/detect_secrets/plugins/gitlab_token.py",
        "hashed_secret": "ff9238b5782acd2176d54becea530127aeb3d8fe",
        "is_verified": false,
        "line_number": 12
      }
    ],
    ".venv/lib/python3.13/site-packages/detect_secrets/plugins/high_entropy_strings.py": [
      {
        "type": "Secret Keyword",
        "filename": ".venv/lib/python3.13/site-packages/detect_secrets/plugins/high_entropy_strings.py",
        "hashed_secret": "6fe31bb7eab1420120775f24ab313c585e5a0115",
        "is_verified": false,
        "line_number": 142
      },
      {
        "type": "Secret Keyword",
        "filename": ".venv/lib/python3.13/site-packages/detect_secrets/plugins/high_entropy_strings.py",
        "hashed_secret": "2fd896385ddd0129c48bc014dc662af63082d200",
        "is_verified": false,
        "line_number": 160
      }
    ],
    ".venv/lib/python3.13/site-packages/detect_secrets/plugins/ibm_cloud_iam.py": [
      {
        "type": "Secret Keyword",
        "filename": ".venv/lib/python3.13/site-packages/detect_secrets/plugins/ibm_cloud_iam.py",
        "hashed_secret": "bc5d769a55d08aa6f3ed3f167c058ec35376fec0",
        "is_verified": false,
        "line_number": 12
      }
    ],
    ".venv/lib/python3.13/site-packages/detect_secrets/plugins/ibm_cos_hmac.py": [
      {
        "type": "Secret Keyword",
        "filename": ".venv/lib/python3.13/site-packages/detect_secrets/plugins/ibm_cos_hmac.py",
        "hashed_secret": "5ac3c034e6f3a896546359d21cb309575717f05b",
        "is_verified": false,
        "line_number": 21
      }
    ],
    ".venv/lib/python3.13/site-packages/detect_secrets/plugins/ip_public.py": [
      {
        "type": "Secret Keyword",
        "filename": ".venv/lib/python3.13/site-packages/detect_secrets/plugins/ip_public.py",
        "hashed_secret": "0b1f769a9e28e054d7df348c98b0cba1917febb4",
        "is_verified": false,
        "line_number": 19
      }
    ],
    ".venv/lib/python3.13/site-packages/detect_secrets/plugins/jwt.py": [
      {
        "type": "Secret Keyword",
        "filename": ".venv/lib/python3.13/site-packages/detect_secrets/plugins/jwt.py",
        "hashed_secret": "932ca321c659a3b97ee2611d4c44ec5f65e2aa9c",
        "is_verified": false,
        "line_number": 14
      }
    ],
    ".venv/lib/python3.13/site-packages/detect_secrets/plugins/keyword.py": [
      {
        "type": "Secret Keyword",
        "filename": ".venv/lib/python3.13/site-packages/detect_secrets/plugins/keyword.py",
        "hashed_secret": "f32b67c7e26342af42efabc674d441dca0a281c5",
        "is_verified": false,
        "line_number": 67
      },
      {
        "type": "Secret Keyword",
        "filename": ".venv/lib/python3.13/site-packages/detect_secrets/plugins/keyword.py",
        "hashed_secret": "0beec7b5ea3f0fdbc95d0dd47f3c5bc275da8a33",
        "is_verified": false,
        "line_number": 122
      },
      {
        "type": "Secret Keyword",
        "filename": ".venv/lib/python3.13/site-packages/detect_secrets/plugins/keyword.py",
        "hashed_secret": "62cdb7020ff920e5aa642c3d4066950dd1f01f4d",
        "is_verified": false,
        "line_number": 133
      },
      {
        "type": "Secret Keyword",
        "filename": ".venv/lib/python3.13/site-packages/detect_secrets/plugins/keyword.py",
        "hashed_secret": "1af17e73721dbe0c40011b82ed4bb1a7dbe3ce29",
        "is_verified": false,
        "line_number": 196
      },
      {
        "type": "Secret Keyword",
        "filename": ".venv/lib/python3.13/site-packages/detect_secrets/plugins/keyword.py",
        "hashed_secret": "f9b72e805000a5ea310939e167b6b1c2888125f7",
        "is_verified": false,
        "line_number": 269
      }
    ],
    ".venv/lib/python3.13/site-packages/detect_secrets/plugins/mailchimp.py": [
      {
        "type": "Secret Keyword",
        "filename": ".venv/lib/python3.13/site-packages/detect_secrets/plugins/mailchimp.py",
        "hashed_secret": "35903c2a33d34d4cd19835ee9493a65fc1a7e4bc",
        "is_verified": false,
        "line_number": 15
      }
    ],
    ".venv/lib/python3.13/site-packages/detect_secrets/plugins/npm.py": [
      {
        "type": "Secret Keyword",
        "filename": ".venv/lib/python3.13/site-packages/detect_secrets/plugins/npm.py",
        "hashed_secret": "91f845de51016327363f57d22da2466cbc652314",
        "is_verified": false,
        "line_number": 11
      }
    ],
    ".venv/lib/python3.13/site-packages/detect_secrets/plugins/openai.py": [
      {
        "type": "Secret Keyword",
        "filename": ".venv/lib/python3.13/site-packages/detect_secrets/plugins/openai.py",
        "hashed_secret": "660b79d7d79f4aaa174580076ef6e079b8a81914",
        "is_verified": false,
        "line_number": 11
      }
    ],
    ".venv/lib/python3.13/site-packages/detect_secrets/plugins/private_key.py": [
      {
        "type": "Secret Keyword",
        "filename": ".venv/lib/python3.13/site-packages/detect_secrets/plugins/private_key.py",
        "hashed_secret": "ade5ddaf2557ee93225fc565adbfe1ade3bae3a0",
        "is_verified": false,
        "line_number": 40
      },
      {
        "type": "Private Key",
        "filename": ".venv/lib/python3.13/site-packages/detect_secrets/plugins/private_key.py",
        "hashed_secret": "daefe0b4345a654580dcad25c7c11ff4c944a8c0",
        "is_verified": false,
        "line_number": 45
      },
      {
        "type": "Private Key",
        "filename": ".venv/lib/python3.13/site-packages/detect_secrets/plugins/private_key.py",
        "hashed_secret": "f0778f3e140a61d5bbbed5430773e52af2f5fba4",
        "is_verified": false,
        "line_number": 46
      },
      {
        "type": "Private Key",
        "filename": ".venv/lib/python3.13/site-packages/detect_secrets/plugins/private_key.py",
        "hashed_secret": "27c6929aef41ae2bcadac15ca6abcaff72cda9cd",
        "is_verified": false,
        "line_number": 47
      },
      {
        "type": "Private Key",
        "filename": ".venv/lib/python3.13/site-packages/detect_secrets/plugins/private_key.py",
        "hashed_secret": "4ada9713ec27066b2ffe0b7bd9c9c8d635dc4ab2",
        "is_verified": false,
        "line_number": 48
      },
      {
        "type": "Private Key",
        "filename": ".venv/lib/python3.13/site-packages/detect_secrets/plugins/private_key.py",
        "hashed_secret": "1348b145fa1a555461c1b790a2f66614781091e9",
        "is_verified": false,
        "line_number": 49
      },
      {
        "type": "Private Key",
        "filename": ".venv/lib/python3.13/site-packages/detect_secrets/plugins/private_key.py",
        "hashed_secret": "be4fc4886bd949b369d5e092eb87494f12e57e5b",
        "is_verified": false,
        "line_number": 50
      },
      {
        "type": "Private Key",
        "filename": ".venv/lib/python3.13/site-packages/detect_secrets/plugins/private_key.py",
        "hashed_secret": "9279619d0c9a9529b0b223e3b809f4df24b8ba8b",
        "is_verified": false,
        "line_number": 51
      },
      {
        "type": "Private Key",
        "filename": ".venv/lib/python3.13/site-packages/detect_secrets/plugins/private_key.py",
        "hashed_secret": "11200d1bf5e1eb358b5d823c443347d97e982a85",
        "is_verified": false,
        "line_number": 52
      }
    ],
    ".venv/lib/python3.13/site-packages/detect_secrets/plugins/pypi_token.py": [
      {
        "type": "Secret Keyword",
        "filename": ".venv/lib/python3.13/site-packages/detect_secrets/plugins/pypi_token.py",
        "hashed_secret": "9b42f32269056810ecc07889f4bc0f2f20afd427",
        "is_verified": false,
        "line_number": 11
      }
    ],
    ".venv/lib/python3.13/site-packages/detect_secrets/plugins/sendgrid.py": [
      {
        "type": "Secret Keyword",
        "filename": ".venv/lib/python3.13/site-packages/detect_secrets/plugins/sendgrid.py",
        "hashed_secret": "2c59a4461d825cb06039b5b4d3edf6b83dfac044",
        "is_verified": false,
        "line_number": 11
      }
    ],
    ".venv/lib/python3.13/site-packages/detect_secrets/plugins/slack.py": [
      {
        "type": "Secret Keyword",
        "filename": ".venv/lib/python3.13/site-packages/detect_secrets/plugins/slack.py",
        "hashed_secret": "f53d14b97c7cdfa2eaac4b240c8ff4876a47640a",
        "is_verified": false,
        "line_number": 17
      }
    ],
    ".venv/lib/python3.13/site-packages/detect_secrets/plugins/softlayer.py": [
      {
        "type": "Secret Keyword",
        "filename": ".venv/lib/python3.13/site-packages/detect_secrets/plugins/softlayer.py",
        "hashed_secret": "d5d8ace6d124d2522a81bfae43b01b5c905dc2b8",
        "is_verified": false,
        "line_number": 14
      }
    ],
    ".venv/lib/python3.13/site-packages/detect_secrets/plugins/square_oauth.py": [
      {
        "type": "Secret Keyword",
        "filename": ".venv/lib/python3.13/site-packages/detect_secrets/plugins/square_oauth.py",
        "hashed_secret": "cc357703e7cb9f49dabce90321937ace687b20f0",
        "is_verified": false,
        "line_number": 8
      }
    ],
    ".venv/lib/python3.13/site-packages/detect_secrets/plugins/stripe.py": [
      {
        "type": "Secret Keyword",
        "filename": ".venv/lib/python3.13/site-packages/detect_secrets/plugins/stripe.py",
        "hashed_secret": "b4685568c7c8d5d49451a187014711ebc75f70af",
        "is_verified": false,
        "line_number": 12
      }
    ],
    ".venv/lib/python3.13/site-packages/detect_secrets/plugins/telegram_token.py": [
      {
        "type": "Secret Keyword",
        "filename": ".venv/lib/python3.13/site-packages/detect_secrets/plugins/telegram_token.py",
        "hashed_secret": "abfd5b9f85b54e77c61438784d766292e3a7f46b",
        "is_verified": false,
        "line_number": 14
      }
    ],
    ".venv/lib/python3.13/site-packages/detect_secrets/plugins/twilio.py": [
      {
        "type": "Secret Keyword",
        "filename": ".venv/lib/python3.13/site-packages/detect_secrets/plugins/twilio.py",
        "hashed_secret": "688ecd55118006d5bad4cd43f4a26a98a06bec19",
        "is_verified": false,
        "line_number": 11
      },
      {
        "type": "Twilio API Key",
        "filename": ".venv/lib/python3.13/site-packages/detect_secrets/plugins/twilio.py",
        "hashed_secret": "3c7206eff845bc69cf12d904d0f95f9aec15535e",
        "is_verified": false,
        "line_number": 14
      },
      {
        "type": "Twilio API Key",
        "filename": ".venv/lib/python3.13/site-packages/detect_secrets/plugins/twilio.py",
        "hashed_secret": "34c2246140bc39b1fce81d9be2124f713a06bdaf",
        "is_verified": false,
        "line_number": 17
      }
    ],
    ".venv/lib/python3.13/site-packages/keyring-25.7.0.dist-info/entry_points.txt": [
      {
        "type": "Secret Keyword",
        "filename": ".venv/lib/python3.13/site-packages/keyring-25.7.0.dist-info/entry_points.txt",
        "hashed_secret": "70350dc5a69c0cb573342f2eac40c921abd59594",
        "is_verified": false,
        "line_number": 9
      },
      {
        "type": "Secret Keyword",
        "filename": ".venv/lib/python3.13/site-packages/keyring-25.7.0.dist-info/entry_points.txt",
        "hashed_secret": "5ad7e79fc1c504b9af709a8089d45e643e97fe8c",
        "is_verified": false,
        "line_number": 12
      }
    ],
    ".venv/lib/python3.13/site-packages/keyring/testing/backend.py": [
      {
        "type": "Secret Keyword",
        "filename": ".venv/lib/python3.13/site-packages/keyring/testing/backend.py",
        "hashed_secret": "e38ad214943daad1d64c102faec29de4afe9da3d",
        "is_verified": false,
        "line_number": 191
      },
      {
        "type": "Secret Keyword",
        "filename": ".venv/lib/python3.13/site-packages/keyring/testing/backend.py",
        "hashed_secret": "2aa60a8ff7fcd473d321e0146afd9e26df395147",
        "is_verified": false,
        "line_number": 192
      }
    ],
    ".venv/lib/python3.13/site-packages/markdown_it/port.yaml": [
      {
        "type": "Hex High Entropy String",
        "filename": ".venv/lib/python3.13/site-packages/markdown_it/port.yaml",
        "hashed_secret": "67bbc9611a3b21c403551b620c4b5bd27b2c8c4e",
        "is_verified": false,
        "line_number": 3
      }
    ],
    ".venv/lib/python3.13/site-packages/nh3-0.3.3.dist-info/sboms/nh3.cyclonedx.json": [
      {
        "type": "Hex High Entropy String",
        "filename": ".venv/lib/python3.13/site-packages/nh3-0.3.3.dist-info/sboms/nh3.cyclonedx.json",
        "hashed_secret": "858e95b704b45eab92e62c7a3bd6d8aa6da07cbf",
        "is_verified": false,
        "line_number": 70
      },
      {
        "type": "Hex High Entropy String",
        "filename": ".venv/lib/python3.13/site-packages/nh3-0.3.3.dist-info/sboms/nh3.cyclonedx.json",
        "hashed_secret": "0822353ae02cede452add9fc5382f384d2fdc1e6",
        "is_verified": false,
        "line_number": 105
      },
      {
        "type": "Hex High Entropy String",
        "filename": ".venv/lib/python3.13/site-packages/nh3-0.3.3.dist-info/sboms/nh3.cyclonedx.json",
        "hashed_secret": "eac7344fb138e2bc70ec74dd15a52fe0c253887a",
        "is_verified": false,
        "line_number": 136
      },
      {
        "type": "Hex High Entropy String",
        "filename": ".venv/lib/python3.13/site-packages/nh3-0.3.3.dist-info/sboms/nh3.cyclonedx.json",
        "hashed_secret": "d856dfdd26a8f0608a685dd478ca4d83d93c17dc",
        "is_verified": false,
        "line_number": 163
      },
      {
        "type": "Hex High Entropy String",
        "filename": ".venv/lib/python3.13/site-packages/nh3-0.3.3.dist-info/sboms/nh3.cyclonedx.json",
        "hashed_secret": "85b839656e86b79c58bb1f39a7d8945f3c5c7dbc",
        "is_verified": false,
        "line_number": 194
      },
      {
        "type": "Hex High Entropy String",
        "filename": ".venv/lib/python3.13/site-packages/nh3-0.3.3.dist-info/sboms/nh3.cyclonedx.json",
        "hashed_secret": "8b80e3dbf214e8b5f42deaf56c671624fb8916a9",
        "is_verified": false,
        "line_number": 225
      },
      {
        "type": "Hex High Entropy String",
        "filename": ".venv/lib/python3.13/site-packages/nh3-0.3.3.dist-info/sboms/nh3.cyclonedx.json",
        "hashed_secret": "3fa75028c8407a13243ead4a526899fb3abb13a2",
        "is_verified": false,
        "line_number": 260
      },
      {
        "type": "Hex High Entropy String",
        "filename": ".venv/lib/python3.13/site-packages/nh3-0.3.3.dist-info/sboms/nh3.cyclonedx.json",
        "hashed_secret": "0c81d45cdbfffa243182915df38121ef00b6cef0",
        "is_verified": false,
        "line_number": 287
      },
      {
        "type": "Hex High Entropy String",
        "filename": ".venv/lib/python3.13/site-packages/nh3-0.3.3.dist-info/sboms/nh3.cyclonedx.json",
        "hashed_secret": "5dd5a3b90a4aec184d6390d782a283adf53b87f9",
        "is_verified": false,
        "line_number": 318
      },
      {
        "type": "Hex High Entropy String",
        "filename": ".venv/lib/python3.13/site-packages/nh3-0.3.3.dist-info/sboms/nh3.cyclonedx.json",
        "hashed_secret": "86f8965da75703aef70483f30a26048765f65331",
        "is_verified": false,
        "line_number": 345
      },
      {
        "type": "Hex High Entropy String",
        "filename": ".venv/lib/python3.13/site-packages/nh3-0.3.3.dist-info/sboms/nh3.cyclonedx.json",
        "hashed_secret": "fa28e03e8e0b7c842f321a31e996531cfa93f972",
        "is_verified": false,
        "line_number": 372
      },
      {
        "type": "Hex High Entropy String",
        "filename": ".venv/lib/python3.13/site-packages/nh3-0.3.3.dist-info/sboms/nh3.cyclonedx.json",
        "hashed_secret": "1d591d1374352e720051c9d3f7b1e2c5557d5fd6",
        "is_verified": false,
        "line_number": 406
      },
      {
        "type": "Hex High Entropy String",
        "filename": ".venv/lib/python3.13/site-packages/nh3-0.3.3.dist-info/sboms/nh3.cyclonedx.json",
        "hashed_secret": "9cda6dfc0d60027ad8a0eddcd9acb1c78002517d",
        "is_verified": false,
        "line_number": 433
      },
      {
        "type": "Hex High Entropy String",
        "filename": ".venv/lib/python3.13/site-packages/nh3-0.3.3.dist-info/sboms/nh3.cyclonedx.json",
        "hashed_secret": "86b403165d79a78a2c4a595fe14902c5f4f47361",
        "is_verified": false,
        "line_number": 464
      },
      {
        "type": "Hex High Entropy String",
        "filename": ".venv/lib/python3.13/site-packages/nh3-0.3.3.dist-info/sboms/nh3.cyclonedx.json",
        "hashed_secret": "6c94d59722bce3906d347ed600e37e119a7837df",
        "is_verified": false,
        "line_number": 495
      },
      {
        "type": "Hex High Entropy String",
        "filename": ".venv/lib/python3.13/site-packages/nh3-0.3.3.dist-info/sboms/nh3.cyclonedx.json",
        "hashed_secret": "23db86ff034d7e9f799f0226a1f1a7baae4c7de1",
        "is_verified": false,
        "line_number": 526
      },
      {
        "type": "Hex High Entropy String",
        "filename": ".venv/lib/python3.13/site-packages/nh3-0.3.3.dist-info/sboms/nh3.cyclonedx.json",
        "hashed_secret": "49b46f344ecff2a2a1820536df0334ca68050940",
        "is_verified": false,
        "line_number": 557
      },
      {
        "type": "Hex High Entropy String",
        "filename": ".venv/lib/python3.13/site-packages/nh3-0.3.3.dist-info/sboms/nh3.cyclonedx.json",
        "hashed_secret": "50d2139960f135299c21e3cdaa6b6f076b1e2080",
        "is_verified": false,
        "line_number": 588
      },
      {
        "type": "Hex High Entropy String",
        "filename": ".venv/lib/python3.13/site-packages/nh3-0.3.3.dist-info/sboms/nh3.cyclonedx.json",
        "hashed_secret": "08f998bf3af34432739a9ab2cddd2bb85654a4b2",
        "is_verified": false,
        "line_number": 619
      },
      {
        "type": "Hex High Entropy String",
        "filename": ".venv/lib/python3.13/site-packages/nh3-0.3.3.dist-info/sboms/nh3.cyclonedx.json",
        "hashed_secret": "be61a53441932e4f82987dcaf2ef89fbcfaac0a5",
        "is_verified": false,
        "line_number": 650
      },
      {
        "type": "Hex High Entropy String",
        "filename": ".venv/lib/python3.13/site-packages/nh3-0.3.3.dist-info/sboms/nh3.cyclonedx.json",
        "hashed_secret": "3062e8c5ec47afaf7ba2ce1532e8e56c0af6ea8f",
        "is_verified": false,
        "line_number": 681
      },
      {
        "type": "Hex High Entropy String",
        "filename": ".venv/lib/python3.13/site-packages/nh3-0.3.3.dist-info/sboms/nh3.cyclonedx.json",
        "hashed_secret": "29aae00ffb8818a8acfa28442eb304f3862cbaf5",
        "is_verified": false,
        "line_number": 708
      },
      {
        "type": "Hex High Entropy String",
        "filename": ".venv/lib/python3.13/site-packages/nh3-0.3.3.dist-info/sboms/nh3.cyclonedx.json",
        "hashed_secret": "2bbb23c710243f6c2dd0da44f0bce1512d40aeb0",
        "is_verified": false,
        "line_number": 743
      },
      {
        "type": "Hex High Entropy String",
        "filename": ".venv/lib/python3.13/site-packages/nh3-0.3.3.dist-info/sboms/nh3.cyclonedx.json",
        "hashed_secret": "1a5c1aafe91ad50de9b57d58c892732234dd2618",
        "is_verified": false,
        "line_number": 774
      },
      {
        "type": "Hex High Entropy String",
        "filename": ".venv/lib/python3.13/site-packages/nh3-0.3.3.dist-info/sboms/nh3.cyclonedx.json",
        "hashed_secret": "4d3dfbf42f79749cb066b45b4baa929fb891809a",
        "is_verified": false,
        "line_number": 801
      },
      {
        "type": "Hex High Entropy String",
        "filename": ".venv/lib/python3.13/site-packages/nh3-0.3.3.dist-info/sboms/nh3.cyclonedx.json",
        "hashed_secret": "36b97c530b1f4c96e9033800c80908a6cfa4b761",
        "is_verified": false,
        "line_number": 832
      },
      {
        "type": "Hex High Entropy String",
        "filename": ".venv/lib/python3.13/site-packages/nh3-0.3.3.dist-info/sboms/nh3.cyclonedx.json",
        "hashed_secret": "2d70a27f9bdfdb0ebea3fa79f7962fa957bd11fa",
        "is_verified": false,
        "line_number": 859
      },
      {
        "type": "Hex High Entropy String",
        "filename": ".venv/lib/python3.13/site-packages/nh3-0.3.3.dist-info/sboms/nh3.cyclonedx.json",
        "hashed_secret": "69c0c349e723a4b71aeebbf7e20b9f77fb60918e",
        "is_verified": false,
        "line_number": 890
      },
      {
        "type": "Hex High Entropy String",
        "filename": ".venv/lib/python3.13/site-packages/nh3-0.3.3.dist-info/sboms/nh3.cyclonedx.json",
        "hashed_secret": "a32cf693a7717063dad28f208cc038d14a3e847c",
        "is_verified": false,
        "line_number": 917
      },
      {
        "type": "Hex High Entropy String",
        "filename": ".venv/lib/python3.13/site-packages/nh3-0.3.3.dist-info/sboms/nh3.cyclonedx.json",
        "hashed_secret": "44ba13da084a9930b487c00152d4186e1c22f8f6",
        "is_verified": false,
        "line_number": 948
      },
      {
        "type": "Hex High Entropy String",
        "filename": ".venv/lib/python3.13/site-packages/nh3-0.3.3.dist-info/sboms/nh3.cyclonedx.json",
        "hashed_secret": "bb2cfaa44ba8f6ec8215df345c144bfd12088d22",
        "is_verified": false,
        "line_number": 979
      },
      {
        "type": "Hex High Entropy String",
        "filename": ".venv/lib/python3.13/site-packages/nh3-0.3.3.dist-info/sboms/nh3.cyclonedx.json",
        "hashed_secret": "6c5974fda1ef27a5e490cfdefe348304a2f4f285",
        "is_verified": false,
        "line_number": 1010
      },
      {
        "type": "Hex High Entropy String",
        "filename": ".venv/lib/python3.13/site-packages/nh3-0.3.3.dist-info/sboms/nh3.cyclonedx.json",
        "hashed_secret": "3558448508502aa5a344f39c803ec2665ee9e81b",
        "is_verified": false,
        "line_number": 1041
      },
      {
        "type": "Hex High Entropy String",
        "filename": ".venv/lib/python3.13/site-packages/nh3-0.3.3.dist-info/sboms/nh3.cyclonedx.json",
        "hashed_secret": "6289d2b91c92a5a5085f244b2ecd2bc15e68aa4d",
        "is_verified": false,
        "line_number": 1072
      },
      {
        "type": "Hex High Entropy String",
        "filename": ".venv/lib/python3.13/site-packages/nh3-0.3.3.dist-info/sboms/nh3.cyclonedx.json",
        "hashed_secret": "b1e0e9c5978b5b79ef1817f3888bdbff7ea4fe94",
        "is_verified": false,
        "line_number": 1103
      },
      {
        "type": "Hex High Entropy String",
        "filename": ".venv/lib/python3.13/site-packages/nh3-0.3.3.dist-info/sboms/nh3.cyclonedx.json",
        "hashed_secret": "57a3c2bd3253c61856df4bf13198109b0d51486d",
        "is_verified": false,
        "line_number": 1134
      },
      {
        "type": "Hex High Entropy String",
        "filename": ".venv/lib/python3.13/site-packages/nh3-0.3.3.dist-info/sboms/nh3.cyclonedx.json",
        "hashed_secret": "802fb7ee4a23f1061a4a099e6518b448f5dea8d3",
        "is_verified": false,
        "line_number": 1161
      },
      {
        "type": "Hex High Entropy String",
        "filename": ".venv/lib/python3.13/site-packages/nh3-0.3.3.dist-info/sboms/nh3.cyclonedx.json",
        "hashed_secret": "a02ff67f8e504e59af8eff72afb26fda27037a42",
        "is_verified": false,
        "line_number": 1188
      },
      {
        "type": "Hex High Entropy String",
        "filename": ".venv/lib/python3.13/site-packages/nh3-0.3.3.dist-info/sboms/nh3.cyclonedx.json",
        "hashed_secret": "9fbf26ca6c2385c79c99e7cfc059be4768610da9",
        "is_verified": false,
        "line_number": 1215
      },
      {
        "type": "Hex High Entropy String",
        "filename": ".venv/lib/python3.13/site-packages/nh3-0.3.3.dist-info/sboms/nh3.cyclonedx.json",
        "hashed_secret": "1db3bfc3973b7b1848de6d62826146ea6ba8b79b",
        "is_verified": false,
        "line_number": 1242
      },
      {
        "type": "Hex High Entropy String",
        "filename": ".venv/lib/python3.13/site-packages/nh3-0.3.3.dist-info/sboms/nh3.cyclonedx.json",
        "hashed_secret": "a83eec6a7f047ef3b54c6471da4fee13861fbc74",
        "is_verified": false,
        "line_number": 1269
      },
      {
        "type": "Hex High Entropy String",
        "filename": ".venv/lib/python3.13/site-packages/nh3-0.3.3.dist-info/sboms/nh3.cyclonedx.json",
        "hashed_secret": "66a7d313b4918db741459da6ac44a2f17e6b322a",
        "is_verified": false,
        "line_number": 1296
      },
      {
        "type": "Hex High Entropy String",
        "filename": ".venv/lib/python3.13/site-packages/nh3-0.3.3.dist-info/sboms/nh3.cyclonedx.json",
        "hashed_secret": "09bd80f5c95312a3d6aef8957b831a6679e729ac",
        "is_verified": false,
        "line_number": 1323
      },
      {
        "type": "Hex High Entropy String",
        "filename": ".venv/lib/python3.13/site-packages/nh3-0.3.3.dist-info/sboms/nh3.cyclonedx.json",
        "hashed_secret": "20b3b413826d61a82664d755aaaa4a180123d161",
        "is_verified": false,
        "line_number": 1350
      },
      {
        "type": "Hex High Entropy String",
        "filename": ".venv/lib/python3.13/site-packages/nh3-0.3.3.dist-info/sboms/nh3.cyclonedx.json",
        "hashed_secret": "a8978df4de096197ed86a53681b8ba469e88afc1",
        "is_verified": false,
        "line_number": 1381
      },
      {
        "type": "Hex High Entropy String",
        "filename": ".venv/lib/python3.13/site-packages/nh3-0.3.3.dist-info/sboms/nh3.cyclonedx.json",
        "hashed_secret": "242ac29f216cfc9b16e67dbfc26b40e7222ef568",
        "is_verified": false,
        "line_number": 1408
      },
      {
        "type": "Hex High Entropy String",
        "filename": ".venv/lib/python3.13/site-packages/nh3-0.3.3.dist-info/sboms/nh3.cyclonedx.json",
        "hashed_secret": "6538f9a3e2204f918d5719f17a23367f4d2105c7",
        "is_verified": false,
        "line_number": 1443
      },
      {
        "type": "Hex High Entropy String",
        "filename": ".venv/lib/python3.13/site-packages/nh3-0.3.3.dist-info/sboms/nh3.cyclonedx.json",
        "hashed_secret": "ec0cd25b0abd72f51da76f9c5c9d9a8c1e8ea91a",
        "is_verified": false,
        "line_number": 1474
      },
      {
        "type": "Hex High Entropy String",
        "filename": ".venv/lib/python3.13/site-packages/nh3-0.3.3.dist-info/sboms/nh3.cyclonedx.json",
        "hashed_secret": "42ec9b7569cf3fd272a1d44e2a0dcb2f4b0d372a",
        "is_verified": false,
        "line_number": 1505
      },
      {
        "type": "Hex High Entropy String",
        "filename": ".venv/lib/python3.13/site-packages/nh3-0.3.3.dist-info/sboms/nh3.cyclonedx.json",
        "hashed_secret": "3dce890bd77ecfd872159734df4c29246bc57863",
        "is_verified": false,
        "line_number": 1540
      },
      {
        "type": "Hex High Entropy String",
        "filename": ".venv/lib/python3.13/site-packages/nh3-0.3.3.dist-info/sboms/nh3.cyclonedx.json",
        "hashed_secret": "dc95d570814e7bc658f82aaf4f99e671c6f67d93",
        "is_verified": false,
        "line_number": 1571
      },
      {
        "type": "Hex High Entropy String",
        "filename": ".venv/lib/python3.13/site-packages/nh3-0.3.3.dist-info/sboms/nh3.cyclonedx.json",
        "hashed_secret": "a80b5fe3dbd7b5ef6050b7b9782f22c501fa81bb",
        "is_verified": false,
        "line_number": 1602
      },
      {
        "type": "Hex High Entropy String",
        "filename": ".venv/lib/python3.13/site-packages/nh3-0.3.3.dist-info/sboms/nh3.cyclonedx.json",
        "hashed_secret": "6ef2660e327b43a9ab4dd60f2d0b9c138e719800",
        "is_verified": false,
        "line_number": 1637
      },
      {
        "type": "Hex High Entropy String",
        "filename": ".venv/lib/python3.13/site-packages/nh3-0.3.3.dist-info/sboms/nh3.cyclonedx.json",
        "hashed_secret": "9a2cdf6585922eea3346605d503aa1370139e781",
        "is_verified": false,
        "line_number": 1664
      },
      {
        "type": "Hex High Entropy String",
        "filename": ".venv/lib/python3.13/site-packages/nh3-0.3.3.dist-info/sboms/nh3.cyclonedx.json",
        "hashed_secret": "47aeac2fa4acd0b3b040c9927a26128bf0c029af",
        "is_verified": false,
        "line_number": 1695
      },
      {
        "type": "Hex High Entropy String",
        "filename": ".venv/lib/python3.13/site-packages/nh3-0.3.3.dist-info/sboms/nh3.cyclonedx.json",
        "hashed_secret": "def835c5f3d29ef5143e04e29a61cd85a81fe09e",
        "is_verified": false,
        "line_number": 1730
      },
      {
        "type": "Hex High Entropy String",
        "filename": ".venv/lib/python3.13/site-packages/nh3-0.3.3.dist-info/sboms/nh3.cyclonedx.json",
        "hashed_secret": "190341c4e045ee5d256b052fa97f59b1d066169f",
        "is_verified": false,
        "line_number": 1765
      },
      {
        "type": "Hex High Entropy String",
        "filename": ".venv/lib/python3.13/site-packages/nh3-0.3.3.dist-info/sboms/nh3.cyclonedx.json",
        "hashed_secret": "dd30e69b06fc9e7153b91d6152b47abee06bc76e",
        "is_verified": false,
        "line_number": 1796
      },
      {
        "type": "Hex High Entropy String",
        "filename": ".venv/lib/python3.13/site-packages/nh3-0.3.3.dist-info/sboms/nh3.cyclonedx.json",
        "hashed_secret": "edea2c54c8d390fdfff6535d3da4fd1fdf17b62a",
        "is_verified": false,
        "line_number": 1831
      },
      {
        "type": "Hex High Entropy String",
        "filename": ".venv/lib/python3.13/site-packages/nh3-0.3.3.dist-info/sboms/nh3.cyclonedx.json",
        "hashed_secret": "9098c70eda3617323c613ed583e0a586a40bd2aa",
        "is_verified": false,
        "line_number": 1866
      },
      {
        "type": "Hex High Entropy String",
        "filename": ".venv/lib/python3.13/site-packages/nh3-0.3.3.dist-info/sboms/nh3.cyclonedx.json",
        "hashed_secret": "14b703e941e97ca4115fbfc7afc9d19920aa9c6c",
        "is_verified": false,
        "line_number": 1901
      },
      {
        "type": "Hex High Entropy String",
        "filename": ".venv/lib/python3.13/site-packages/nh3-0.3.3.dist-info/sboms/nh3.cyclonedx.json",
        "hashed_secret": "7d64118ef4ee08c6e431da22c00cc6db06fc8495",
        "is_verified": false,
        "line_number": 1932
      },
      {
        "type": "Hex High Entropy String",
        "filename": ".venv/lib/python3.13/site-packages/nh3-0.3.3.dist-info/sboms/nh3.cyclonedx.json",
        "hashed_secret": "3cf7abf6e2a5256f811356be0f4b4f6911091224",
        "is_verified": false,
        "line_number": 1963
      },
      {
        "type": "Hex High Entropy String",
        "filename": ".venv/lib/python3.13/site-packages/nh3-0.3.3.dist-info/sboms/nh3.cyclonedx.json",
        "hashed_secret": "b45bedcae41347ff0edebe430d19c0b45ff29f09",
        "is_verified": false,
        "line_number": 1998
      },
      {
        "type": "Hex High Entropy String",
        "filename": ".venv/lib/python3.13/site-packages/nh3-0.3.3.dist-info/sboms/nh3.cyclonedx.json",
        "hashed_secret": "8ddafffeb4840b8e3e1a2159a486333b71dae2be",
        "is_verified": false,
        "line_number": 2029
      },
      {
        "type": "Hex High Entropy String",
        "filename": ".venv/lib/python3.13/site-packages/nh3-0.3.3.dist-info/sboms/nh3.cyclonedx.json",
        "hashed_secret": "a5b161e7252a99021ef58e0fea091c29a4d7a25f",
        "is_verified": false,
        "line_number": 2060
      },
      {
        "type": "Hex High Entropy String",
        "filename": ".venv/lib/python3.13/site-packages/nh3-0.3.3.dist-info/sboms/nh3.cyclonedx.json",
        "hashed_secret": "24c6c50199abdbdf01f5bfc41c06d323bb57ac6b",
        "is_verified": false,
        "line_number": 2091
      },
      {
        "type": "Hex High Entropy String",
        "filename": ".venv/lib/python3.13/site-packages/nh3-0.3.3.dist-info/sboms/nh3.cyclonedx.json",
        "hashed_secret": "7ee5f550a5ea337809d0dc0330f8d5b0debcb764",
        "is_verified": false,
        "line_number": 2122
      },
      {
        "type": "Hex High Entropy String",
        "filename": ".venv/lib/python3.13/site-packages/nh3-0.3.3.dist-info/sboms/nh3.cyclonedx.json",
        "hashed_secret": "88a26f1160eb15fe52918469d4a4692fd64f3716",
        "is_verified": false,
        "line_number": 2153
      },
      {
        "type": "Hex High Entropy String",
        "filename": ".venv/lib/python3.13/site-packages/nh3-0.3.3.dist-info/sboms/nh3.cyclonedx.json",
        "hashed_secret": "86efcec63d7f5e5c3cf34e1acfd29fc257f3c382",
        "is_verified": false,
        "line_number": 2180
      },
      {
        "type": "Hex High Entropy String",
        "filename": ".venv/lib/python3.13/site-packages/nh3-0.3.3.dist-info/sboms/nh3.cyclonedx.json",
        "hashed_secret": "25b36c9171ce850542b5d6177529684358941924",
        "is_verified": false,
        "line_number": 2207
      },
      {
        "type": "Hex High Entropy String",
        "filename": ".venv/lib/python3.13/site-packages/nh3-0.3.3.dist-info/sboms/nh3.cyclonedx.json",
        "hashed_secret": "d8f1d314d800de9172c39e761f105816ae4af3e8",
        "is_verified": false,
        "line_number": 2238
      },
      {
        "type": "Hex High Entropy String",
        "filename": ".venv/lib/python3.13/site-packages/nh3-0.3.3.dist-info/sboms/nh3.cyclonedx.json",
        "hashed_secret": "10e86253931f1faab13cba8dc937c517a4c3537c",
        "is_verified": false,
        "line_number": 2269
      },
      {
        "type": "Hex High Entropy String",
        "filename": ".venv/lib/python3.13/site-packages/nh3-0.3.3.dist-info/sboms/nh3.cyclonedx.json",
        "hashed_secret": "a0ccf26d3e5e73d1fea4cbd7e882f8a4269b51e6",
        "is_verified": false,
        "line_number": 2296
      },
      {
        "type": "Hex High Entropy String",
        "filename": ".venv/lib/python3.13/site-packages/nh3-0.3.3.dist-info/sboms/nh3.cyclonedx.json",
        "hashed_secret": "cbd62b2fef0566cbd4adcae3c005b9fb1d23170d",
        "is_verified": false,
        "line_number": 2331
      },
      {
        "type": "Hex High Entropy String",
        "filename": ".venv/lib/python3.13/site-packages/nh3-0.3.3.dist-info/sboms/nh3.cyclonedx.json",
        "hashed_secret": "eed8458fbece8ac39908bd4f4b9407a8c5a0bdfe",
        "is_verified": false,
        "line_number": 2362
      },
      {
        "type": "Hex High Entropy String",
        "filename": ".venv/lib/python3.13/site-packages/nh3-0.3.3.dist-info/sboms/nh3.cyclonedx.json",
        "hashed_secret": "54f3ab20cd8669d07e74b7b8767b7c2d2be98e84",
        "is_verified": false,
        "line_number": 2393
      },
      {
        "type": "Hex High Entropy String",
        "filename": ".venv/lib/python3.13/site-packages/nh3-0.3.3.dist-info/sboms/nh3.cyclonedx.json",
        "hashed_secret": "dfd0762d8aa9fbdd90ebad7aa8fee494eb5849a5",
        "is_verified": false,
        "line_number": 2420
      },
      {
        "type": "Hex High Entropy String",
        "filename": ".venv/lib/python3.13/site-packages/nh3-0.3.3.dist-info/sboms/nh3.cyclonedx.json",
        "hashed_secret": "3a49d16dc29026d169224f8bc14e6828a62128c2",
        "is_verified": false,
        "line_number": 2451
      },
      {
        "type": "Hex High Entropy String",
        "filename": ".venv/lib/python3.13/site-packages/nh3-0.3.3.dist-info/sboms/nh3.cyclonedx.json",
        "hashed_secret": "ed1ba03fabc77d3aa81f08b87029efbd7d9a1340",
        "is_verified": false,
        "line_number": 2478
      },
      {
        "type": "Hex High Entropy String",
        "filename": ".venv/lib/python3.13/site-packages/nh3-0.3.3.dist-info/sboms/nh3.cyclonedx.json",
        "hashed_secret": "86abb8da6326f0620dc9f0951186d370cad910b9",
        "is_verified": false,
        "line_number": 2505
      },
      {
        "type": "Hex High Entropy String",
        "filename": ".venv/lib/python3.13/site-packages/nh3-0.3.3.dist-info/sboms/nh3.cyclonedx.json",
        "hashed_secret": "a58d51dc68f673a049f4d82bdf01e61cf73b93b2",
        "is_verified": false,
        "line_number": 2532
      },
      {
        "type": "Hex High Entropy String",
        "filename": ".venv/lib/python3.13/site-packages/nh3-0.3.3.dist-info/sboms/nh3.cyclonedx.json",
        "hashed_secret": "fa35aa28d81cf737ac8af26aae31b0b195eef3af",
        "is_verified": false,
        "line_number": 2559
      },
      {
        "type": "Hex High Entropy String",
        "filename": ".venv/lib/python3.13/site-packages/nh3-0.3.3.dist-info/sboms/nh3.cyclonedx.json",
        "hashed_secret": "27ab5e55f6ba7afa0e99492446d43050c7b719fa",
        "is_verified": false,
        "line_number": 2590
      },
      {
        "type": "Hex High Entropy String",
        "filename": ".venv/lib/python3.13/site-packages/nh3-0.3.3.dist-info/sboms/nh3.cyclonedx.json",
        "hashed_secret": "6274c331e3520248957d3a2497e2edab2c3aaee0",
        "is_verified": false,
        "line_number": 2617
      }
    ],
    ".venv/lib/python3.13/site-packages/numpy/__config__.py": [
      {
        "type": "Base64 High Entropy String",
        "filename": ".venv/lib/python3.13/site-packages/numpy/__config__.py",
        "hashed_secret": "f950a2c82aa8a49060495f14d90e5d06b589eb9e",
        "is_verified": false,
        "line_number": 96
      }
    ],
    ".venv/lib/python3.13/site-packages/numpy/_core/_string_helpers.py": [
      {
        "type": "Base64 High Entropy String",
        "filename": ".venv/lib/python3.13/site-packages/numpy/_core/_string_helpers.py",
        "hashed_secret": "9b979763ab7bf00d075a6af7659862a7e19f9482",
        "is_verified": false,
        "line_number": 35
      },
      {
        "type": "Base64 High Entropy String",
        "filename": ".venv/lib/python3.13/site-packages/numpy/_core/_string_helpers.py",
        "hashed_secret": "5a84846dedc4aacef08cc9fa401a9e640823ab28",
        "is_verified": false,
        "line_number": 36
      },
      {
        "type": "Base64 High Entropy String",
        "filename": ".venv/lib/python3.13/site-packages/numpy/_core/_string_helpers.py",
        "hashed_secret": "2932d696a6390d171de9e11771cb632c92d76401",
        "is_verified": false,
        "line_number": 64
      }
    ],
    ".venv/lib/python3.13/site-packages/numpy/_core/tests/test_defchararray.py": [
      {
        "type": "Hex High Entropy String",
        "filename": ".venv/lib/python3.13/site-packages/numpy/_core/tests/test_defchararray.py",
        "hashed_secret": "70a11e96fe8142a81eae2f14a6db093b48f8da8e",
        "is_verified": false,
        "line_number": 505
      }
    ],
    ".venv/lib/python3.13/site-packages/numpy/_core/tests/test_regression.py": [
      {
        "type": "Hex High Entropy String",
        "filename": ".venv/lib/python3.13/site-packages/numpy/_core/tests/test_regression.py",
        "hashed_secret": "e2a4480bc4a5ce0d1cd53d37219ae00e4b10600b",
        "is_verified": false,
        "line_number": 1497
      }
    ],
    ".venv/lib/python3.13/site-packages/numpy/_core/tests/test_stringdtype.py": [
      {
        "type": "Base64 High Entropy String",
        "filename": ".venv/lib/python3.13/site-packages/numpy/_core/tests/test_stringdtype.py",
        "hashed_secret": "ed23e0ab84a5ed72a0a093a5884afdd54e2f2c15",
        "is_verified": false,
        "line_number": 1242
      }
    ],
    ".venv/lib/python3.13/site-packages/numpy/_core/tests/test_strings.py": [
      {
        "type": "Hex High Entropy String",
        "filename": ".venv/lib/python3.13/site-packages/numpy/_core/tests/test_strings.py",
        "hashed_secret": "a45a360e6ff9bceaf3fcfef370a6d6e1d4ba9271",
        "is_verified": false,
        "line_number": 279
      },
      {
        "type": "Hex High Entropy String",
        "filename": ".venv/lib/python3.13/site-packages/numpy/_core/tests/test_strings.py",
        "hashed_secret": "70a11e96fe8142a81eae2f14a6db093b48f8da8e",
        "is_verified": false,
        "line_number": 1442
      }
    ],
    ".venv/lib/python3.13/site-packages/numpy/f2py/tests/test_docs.py": [
      {
        "type": "Hex High Entropy String",
        "filename": ".venv/lib/python3.13/site-packages/numpy/f2py/tests/test_docs.py",
        "hashed_secret": "f001e4a5e5e31ea3e2ffaecddf7780cdf4bf482e",
        "is_verified": false,
        "line_number": 43
      },
      {
        "type": "Hex High Entropy String",
        "filename": ".venv/lib/python3.13/site-packages/numpy/f2py/tests/test_docs.py",
        "hashed_secret": "deaadc03d735ea04c9e428b9d98459825a563161",
        "is_verified": false,
        "line_number": 49
      }
    ],
    ".venv/lib/python3.13/site-packages/numpy/random/tests/test_generator_mt19937.py": [
      {
        "type": "Hex High Entropy String",
        "filename": ".venv/lib/python3.13/site-packages/numpy/random/tests/test_generator_mt19937.py",
        "hashed_secret": "6a680d731539a137b00b71d6033907fd07cf2cd8",
        "is_verified": false,
        "line_number": 29
      },
      {
        "type": "Hex High Entropy String",
        "filename": ".venv/lib/python3.13/site-packages/numpy/random/tests/test_generator_mt19937.py",
        "hashed_secret": "0f2303affd655e5041f363af354c885f9c92f044",
        "is_verified": false,
        "line_number": 30
      },
      {
        "type": "Hex High Entropy String",
        "filename": ".venv/lib/python3.13/site-packages/numpy/random/tests/test_generator_mt19937.py",
        "hashed_secret": "9a50c40e9daf2821ecebb0f8b0ded29dd9e7deb7",
        "is_verified": false,
        "line_number": 35
      },
      {
        "type": "Hex High Entropy String",
        "filename": ".venv/lib/python3.13/site-packages/numpy/random/tests/test_generator_mt19937.py",
        "hashed_secret": "1253f86f15634a5ff9cf49899619a698db0bf719",
        "is_verified": false,
        "line_number": 36
      },
      {
        "type": "Hex High Entropy String",
        "filename": ".venv/lib/python3.13/site-packages/numpy/random/tests/test_generator_mt19937.py",
        "hashed_secret": "cf5dadc730597237bebcbfde216b32db911303c9",
        "is_verified": false,
        "line_number": 41
      },
      {
        "type": "Hex High Entropy String",
        "filename": ".venv/lib/python3.13/site-packages/numpy/random/tests/test_generator_mt19937.py",
        "hashed_secret": "6ad82d6ae3712db4c8a92a904e65d4abb5109e3d",
        "is_verified": false,
        "line_number": 42
      },
      {
        "type": "Hex High Entropy String",
        "filename": ".venv/lib/python3.13/site-packages/numpy/random/tests/test_generator_mt19937.py",
        "hashed_secret": "20972d23e879312313cdc923a77ad18a568265b1",
        "is_verified": false,
        "line_number": 523
      },
      {
        "type": "Hex High Entropy String",
        "filename": ".venv/lib/python3.13/site-packages/numpy/random/tests/test_generator_mt19937.py",
        "hashed_secret": "2941cea2b78fbfa331050b38e52c6509669392c9",
        "is_verified": false,
        "line_number": 524
      },
      {
        "type": "Hex High Entropy String",
        "filename": ".venv/lib/python3.13/site-packages/numpy/random/tests/test_generator_mt19937.py",
        "hashed_secret": "ce7013aecd30388140c8ccc075a348aa3717119b",
        "is_verified": false,
        "line_number": 525
      },
      {
        "type": "Hex High Entropy String",
        "filename": ".venv/lib/python3.13/site-packages/numpy/random/tests/test_generator_mt19937.py",
        "hashed_secret": "eb49852c5466fafe8912dd6d6e9a67dc19ba74d1",
        "is_verified": false,
        "line_number": 526
      },
      {
        "type": "Hex High Entropy String",
        "filename": ".venv/lib/python3.13/site-packages/numpy/random/tests/test_generator_mt19937.py",
        "hashed_secret": "6fa4821286076da76bc37a8620b73e53a6631d4d",
        "is_verified": false,
        "line_number": 527
      },
      {
        "type": "Hex High Entropy String",
        "filename": ".venv/lib/python3.13/site-packages/numpy/random/tests/test_generator_mt19937.py",
        "hashed_secret": "57a1f37bbdd5973da34661d92c3611dd9e707747",
        "is_verified": false,
        "line_number": 952
      }
    ],
    ".venv/lib/python3.13/site-packages/numpy/random/tests/test_random.py": [
      {
        "type": "Hex High Entropy String",
        "filename": ".venv/lib/python3.13/site-packages/numpy/random/tests/test_random.py",
        "hashed_secret": "c34ae8e3b3b3cec4fafedd684138a2a3ed003147",
        "is_verified": false,
        "line_number": 236
      },
      {
        "type": "Hex High Entropy String",
        "filename": ".venv/lib/python3.13/site-packages/numpy/random/tests/test_random.py",
        "hashed_secret": "7876bc696e945e229cc7d7aeec1e289ee6e19597",
        "is_verified": false,
        "line_number": 237
      },
      {
        "type": "Hex High Entropy String",
        "filename": ".venv/lib/python3.13/site-packages/numpy/random/tests/test_random.py",
        "hashed_secret": "6a2510e0375ad9422810149f5290eeb8a7b5ed29",
        "is_verified": false,
        "line_number": 238
      },
      {
        "type": "Hex High Entropy String",
        "filename": ".venv/lib/python3.13/site-packages/numpy/random/tests/test_random.py",
        "hashed_secret": "49ff9d1d949e6ba9fd6888ed8938b50ce176d263",
        "is_verified": false,
        "line_number": 239
      },
      {
        "type": "Hex High Entropy String",
        "filename": ".venv/lib/python3.13/site-packages/numpy/random/tests/test_random.py",
        "hashed_secret": "bf1ad3197b63868084530315c4aaca508019e938",
        "is_verified": false,
        "line_number": 240
      }
    ],
    ".venv/lib/python3.13/site-packages/numpy/random/tests/test_randomstate.py": [
      {
        "type": "Hex High Entropy String",
        "filename": ".venv/lib/python3.13/site-packages/numpy/random/tests/test_randomstate.py",
        "hashed_secret": "c1caceb5a488bbf44406ee48aa7595676a5f8c96",
        "is_verified": false,
        "line_number": 33
      },
      {
        "type": "Hex High Entropy String",
        "filename": ".venv/lib/python3.13/site-packages/numpy/random/tests/test_randomstate.py",
        "hashed_secret": "49b37171c3c40b85a24ca7abc0384333ab4fd945",
        "is_verified": false,
        "line_number": 34
      },
      {
        "type": "Hex High Entropy String",
        "filename": ".venv/lib/python3.13/site-packages/numpy/random/tests/test_randomstate.py",
        "hashed_secret": "81834ffdcb34ad16e3721447668784af19f6b879",
        "is_verified": false,
        "line_number": 35
      },
      {
        "type": "Hex High Entropy String",
        "filename": ".venv/lib/python3.13/site-packages/numpy/random/tests/test_randomstate.py",
        "hashed_secret": "446f27b64f76fb9940dad53a1f01e73a6d67561a",
        "is_verified": false,
        "line_number": 36
      },
      {
        "type": "Hex High Entropy String",
        "filename": ".venv/lib/python3.13/site-packages/numpy/random/tests/test_randomstate.py",
        "hashed_secret": "39e897539283987c7a273bd966dae2b7ad293b82",
        "is_verified": false,
        "line_number": 37
      },
      {
        "type": "Hex High Entropy String",
        "filename": ".venv/lib/python3.13/site-packages/numpy/random/tests/test_randomstate.py",
        "hashed_secret": "52413579978a99b7b5f08177189e739f3bce5bbe",
        "is_verified": false,
        "line_number": 38
      },
      {
        "type": "Hex High Entropy String",
        "filename": ".venv/lib/python3.13/site-packages/numpy/random/tests/test_randomstate.py",
        "hashed_secret": "9ae0d46162c54f618755b6a72e365c2d726bd156",
        "is_verified": false,
        "line_number": 39
      },
      {
        "type": "Hex High Entropy String",
        "filename": ".venv/lib/python3.13/site-packages/numpy/random/tests/test_randomstate.py",
        "hashed_secret": "57113841908ed50f3c986491584e811f18f56bad",
        "is_verified": false,
        "line_number": 40
      },
      {
        "type": "Hex High Entropy String",
        "filename": ".venv/lib/python3.13/site-packages/numpy/random/tests/test_randomstate.py",
        "hashed_secret": "6739bb662f695683bbccbba5f53867d3d79ca346",
        "is_verified": false,
        "line_number": 43
      },
      {
        "type": "Hex High Entropy String",
        "filename": ".venv/lib/python3.13/site-packages/numpy/random/tests/test_randomstate.py",
        "hashed_secret": "f589f0448ee4815ce2ed8d990aac9501ce33d70d",
        "is_verified": false,
        "line_number": 44
      },
      {
        "type": "Hex High Entropy String",
        "filename": ".venv/lib/python3.13/site-packages/numpy/random/tests/test_randomstate.py",
        "hashed_secret": "c622ea6ab866b4ae909868e5d5ec743a05cb54df",
        "is_verified": false,
        "line_number": 45
      },
      {
        "type": "Hex High Entropy String",
        "filename": ".venv/lib/python3.13/site-packages/numpy/random/tests/test_randomstate.py",
        "hashed_secret": "49e4a11a2b1d16f48866988743aefd59b13712c6",
        "is_verified": false,
        "line_number": 46
      },
      {
        "type": "Hex High Entropy String",
        "filename": ".venv/lib/python3.13/site-packages/numpy/random/tests/test_randomstate.py",
        "hashed_secret": "b1fa23e74c90e8f2c7d687a1a2e931ec203f8172",
        "is_verified": false,
        "line_number": 47
      },
      {
        "type": "Hex High Entropy String",
        "filename": ".venv/lib/python3.13/site-packages/numpy/random/tests/test_randomstate.py",
        "hashed_secret": "16c99bceeca68f3f71e0dc6fdf82b287e98b96f3",
        "is_verified": false,
        "line_number": 48
      },
      {
        "type": "Hex High Entropy String",
        "filename": ".venv/lib/python3.13/site-packages/numpy/random/tests/test_randomstate.py",
        "hashed_secret": "15a43b6c0406b117212943bf6d2f4379cdd4c8d2",
        "is_verified": false,
        "line_number": 49
      },
      {
        "type": "Hex High Entropy String",
        "filename": ".venv/lib/python3.13/site-packages/numpy/random/tests/test_randomstate.py",
        "hashed_secret": "4a5f3f2b9de0cd873ed1a016d0fd821745dfc12d",
        "is_verified": false,
        "line_number": 50
      },
      {
        "type": "Hex High Entropy String",
        "filename": ".venv/lib/python3.13/site-packages/numpy/random/tests/test_randomstate.py",
        "hashed_secret": "c34ae8e3b3b3cec4fafedd684138a2a3ed003147",
        "is_verified": false,
        "line_number": 358
      },
      {
        "type": "Hex High Entropy String",
        "filename": ".venv/lib/python3.13/site-packages/numpy/random/tests/test_randomstate.py",
        "hashed_secret": "7876bc696e945e229cc7d7aeec1e289ee6e19597",
        "is_verified": false,
        "line_number": 359
      },
      {
        "type": "Hex High Entropy String",
        "filename": ".venv/lib/python3.13/site-packages/numpy/random/tests/test_randomstate.py",
        "hashed_secret": "6a2510e0375ad9422810149f5290eeb8a7b5ed29",
        "is_verified": false,
        "line_number": 360
      },
      {
        "type": "Hex High Entropy String",
        "filename": ".venv/lib/python3.13/site-packages/numpy/random/tests/test_randomstate.py",
        "hashed_secret": "49ff9d1d949e6ba9fd6888ed8938b50ce176d263",
        "is_verified": false,
        "line_number": 361
      },
      {
        "type": "Hex High Entropy String",
        "filename": ".venv/lib/python3.13/site-packages/numpy/random/tests/test_randomstate.py",
        "hashed_secret": "bf1ad3197b63868084530315c4aaca508019e938",
        "is_verified": false,
        "line_number": 362
      }
    ],
    ".venv/lib/python3.13/site-packages/numpy/version.py": [
      {
        "type": "Hex High Entropy String",
        "filename": ".venv/lib/python3.13/site-packages/numpy/version.py",
        "hashed_secret": "9807aa2ea35881a707bfb949f2df00afcf45fc8f",
        "is_verified": false,
        "line_number": 9
      }
    ],
    ".venv/lib/python3.13/site-packages/pandas/_version.py": [
      {
        "type": "Hex High Entropy String",
        "filename": ".venv/lib/python3.13/site-packages/pandas/_version.py",
        "hashed_secret": "d69a9567c49f50b530028b4f2ca87fde4a315997",
        "is_verified": false,
        "line_number": 29
      }
    ],
    ".venv/lib/python3.13/site-packages/pandas/_version_meson.py": [
      {
        "type": "Hex High Entropy String",
        "filename": ".venv/lib/python3.13/site-packages/pandas/_version_meson.py",
        "hashed_secret": "d69a9567c49f50b530028b4f2ca87fde4a315997",
        "is_verified": false,
        "line_number": 2
      }
    ],
    ".venv/lib/python3.13/site-packages/pandas/tests/io/formats/style/test_html.py": [
      {
        "type": "Basic Auth Credentials",
        "filename": ".venv/lib/python3.13/site-packages/pandas/tests/io/formats/style/test_html.py",
        "hashed_secret": "9d4e1e23bd5b727046a9e3b4b7db57bd8d6ee684",
        "is_verified": false,
        "line_number": 801
      }
    ],
    ".venv/lib/python3.13/site-packages/pandas/tests/io/json/test_pandas.py": [
      {
        "type": "Hex High Entropy String",
        "filename": ".venv/lib/python3.13/site-packages/pandas/tests/io/json/test_pandas.py",
        "hashed_secret": "52c14f8357e8509c6f52ccd3fb36a3b4595ed314",
        "is_verified": false,
        "line_number": 650
      }
    ],
    ".venv/lib/python3.13/site-packages/pandas/tests/io/parser/common/test_float.py": [
      {
        "type": "Hex High Entropy String",
        "filename": ".venv/lib/python3.13/site-packages/pandas/tests/io/parser/common/test_float.py",
        "hashed_secret": "2f7bfad760665056a6280def81bced9e1034a867",
        "is_verified": false,
        "line_number": 101
      },
      {
        "type": "Hex High Entropy String",
        "filename": ".venv/lib/python3.13/site-packages/pandas/tests/io/parser/common/test_float.py",
        "hashed_secret": "2fe35b1c9eb9f75c16cd2fd9b24b2083a3b0ada5",
        "is_verified": false,
        "line_number": 101
      },
      {
        "type": "Hex High Entropy String",
        "filename": ".venv/lib/python3.13/site-packages/pandas/tests/io/parser/common/test_float.py",
        "hashed_secret": "befc115208c7ed8b11ac5698fff33f060e5cc8de",
        "is_verified": false,
        "line_number": 101
      }
    ],
    ".venv/lib/python3.13/site-packages/pandas/tests/io/pytables/test_put.py": [
      {
        "type": "Base64 High Entropy String",
        "filename": ".venv/lib/python3.13/site-packages/pandas/tests/io/pytables/test_put.py",
        "hashed_secret": "dea3c171abcdfb3e8380d6860630f618eb6e074f",
        "is_verified": false,
        "line_number": 141
      }
    ],
    ".venv/lib/python3.13/site-packages/pandas/tests/io/test_sql.py": [
      {
        "type": "Basic Auth Credentials",
        "filename": ".venv/lib/python3.13/site-packages/pandas/tests/io/test_sql.py",
        "hashed_secret": "afc848c316af1a89d49826c5ae9d00ed769415f3",
        "is_verified": false,
        "line_number": 656
      },
      {
        "type": "Basic Auth Credentials",
        "filename": ".venv/lib/python3.13/site-packages/pandas/tests/io/test_sql.py",
        "hashed_secret": "9d4e1e23bd5b727046a9e3b4b7db57bd8d6ee684",
        "is_verified": false,
        "line_number": 2527
      }
    ],
    ".venv/lib/python3.13/site-packages/pandas/tests/util/test_hashing.py": [
      {
        "type": "Base64 High Entropy String",
        "filename": ".venv/lib/python3.13/site-packages/pandas/tests/util/test_hashing.py",
        "hashed_secret": "af038539f391ca04b902a6da9d08a8ba3c5bd5a8",
        "is_verified": false,
        "line_number": 359
      },
      {
        "type": "Base64 High Entropy String",
        "filename": ".venv/lib/python3.13/site-packages/pandas/tests/util/test_hashing.py",
        "hashed_secret": "07fe56ea63762480e2c05572d6aac5b7a07e4f97",
        "is_verified": false,
        "line_number": 360
      }
    ],
    ".venv/lib/python3.13/site-packages/pip/_vendor/urllib3/util/url.py": [
      {
        "type": "Basic Auth Credentials",
        "filename": ".venv/lib/python3.13/site-packages/pip/_vendor/urllib3/util/url.py",
        "hashed_secret": "5baa61e4c9b93f3f0682250b6cf8331b7ee68fd8",
        "is_verified": false,
        "line_number": 148
      }
    ],
    ".venv/lib/python3.13/site-packages/pre_commit/commands/install_uninstall.py": [
      {
        "type": "Hex High Entropy String",
        "filename": ".venv/lib/python3.13/site-packages/pre_commit/commands/install_uninstall.py",
        "hashed_secret": "9b9dd75e14b3d5daf49efe7ad4b33158e83f3118",
        "is_verified": false,
        "line_number": 24
      },
      {
        "type": "Hex High Entropy String",
        "filename": ".venv/lib/python3.13/site-packages/pre_commit/commands/install_uninstall.py",
        "hashed_secret": "3f8c0253b8b8f48e4163987a57887d65bf47acef",
        "is_verified": false,
        "line_number": 25
      },
      {
        "type": "Hex High Entropy String",
        "filename": ".venv/lib/python3.13/site-packages/pre_commit/commands/install_uninstall.py",
        "hashed_secret": "5760247c1ef6a849a9844d08c09cb84dda49969a",
        "is_verified": false,
        "line_number": 26
      },
      {
        "type": "Hex High Entropy String",
        "filename": ".venv/lib/python3.13/site-packages/pre_commit/commands/install_uninstall.py",
        "hashed_secret": "dee152431eea26b9d52e4cfd363ff2d78b8c4ebd",
        "is_verified": false,
        "line_number": 27
      },
      {
        "type": "Hex High Entropy String",
        "filename": ".venv/lib/python3.13/site-packages/pre_commit/commands/install_uninstall.py",
        "hashed_secret": "24594121c136246cf8c2de7ee1ee39f71e2d41d4",
        "is_verified": false,
        "line_number": 28
      },
      {
        "type": "Hex High Entropy String",
        "filename": ".venv/lib/python3.13/site-packages/pre_commit/commands/install_uninstall.py",
        "hashed_secret": "3b83f939b10fedeb7d0956a22f8696be8315df51",
        "is_verified": false,
        "line_number": 30
      }
    ],
    ".venv/lib/python3.13/site-packages/pygments/lexers/_cocoa_builtins.py": [
      {
        "type": "Base64 High Entropy String",
        "filename": ".venv/lib/python3.13/site-packages/pygments/lexers/_cocoa_builtins.py",
        "hashed_secret": "d42bda5de6790d8696ff1e43db8babaaecfbdb5a",
        "is_verified": false,
        "line_number": 14
      }
    ],
    ".venv/lib/python3.13/site-packages/rdflib/namespace/_SDO.py": [
      {
        "type": "Hex High Entropy String",
        "filename": ".venv/lib/python3.13/site-packages/rdflib/namespace/_SDO.py",
        "hashed_secret": "244f421f896bdcdd2784dccf4eaf7c8dfd5189b5",
        "is_verified": false,
        "line_number": 3020
      }
    ],
    ".venv/lib/python3.13/site-packages/rfc3986/builder.py": [
      {
        "type": "Basic Auth Credentials",
        "filename": ".venv/lib/python3.13/site-packages/rfc3986/builder.py",
        "hashed_secret": "ba54a9bbcbc734addaf3151195e87b1f15969189",
        "is_verified": false,
        "line_number": 367
      }
    ],
    ".venv/lib/python3.13/site-packages/urllib3/util/url.py": [
      {
        "type": "Basic Auth Credentials",
        "filename": ".venv/lib/python3.13/site-packages/urllib3/util/url.py",
        "hashed_secret": "5baa61e4c9b93f3f0682250b6cf8331b7ee68fd8",
        "is_verified": false,
        "line_number": 186
      }
    ]
  },
  "generated_at": "2026-04-03T09:54:59Z"
}
